
Version:          Code 1.100.2 (848b80aeb52026648a8ff9f7c45a9b0a80641e2e, 2025-05-14T21:47:40.416Z)
OS Version:       Windows_NT x64 10.0.19045
CPUs:             Intel(R) Core(TM) i7-6820HQ CPU @ 2.70GHz (8 x 2712)
Memory (System):  7.82GB (0.86GB free)
VM:               0%
Screen Reader:    no
Process Argv:     --crash-reporter-id 5bed9d4f-8159-4cb9-a517-916f61026302
GPU Status:       2d_canvas:                              enabled
                  canvas_oop_rasterization:               enabled_on
                  direct_rendering_display_compositor:    disabled_off_ok
                  gpu_compositing:                        enabled
                  multiple_raster_threads:                enabled_on
                  opengl:                                 enabled_on
                  rasterization:                          enabled
                  raw_draw:                               disabled_off_ok
                  skia_graphite:                          disabled_off
                  video_decode:                           enabled
                  video_encode:                           enabled
                  vulkan:                                 disabled_off
                  webgl:                                  enabled
                  webgl2:                                 enabled
                  webgpu:                                 enabled
                  webnn:                                  disabled_off

CPU %	Mem MB	   PID	Process
    0	    97	   492	code main
    0	    23	  4200	fileWatcher [1]
    0	    48	  8048	ptyHost
    0	    22	  1216	     C:\Windows\System32\WindowsPowerShell\v1.0\powershell.exe -noexit -command "try { . \"c:\Users\s\AppData\Local\Programs\Microsoft VS Code\resources\app\out\vs\workbench\contrib\terminal\common\scripts\shellIntegration.ps1\" } catch {}"
    0	    31	  6004	     C:\Windows\System32\WindowsPowerShell\v1.0\powershell.exe -noexit -command "try { . \"c:\Users\s\AppData\Local\Programs\Microsoft VS Code\resources\app\out\vs\workbench\contrib\terminal\common\scripts\shellIntegration.ps1\" } catch {}"
    0	     5	 14928	       C:\Windows\system32\cmd.exe /c ""C:\Users\s\AppData\Local\Programs\Microsoft VS Code\bin\code.cmd" --status"
    0	    96	  8040	         electron-nodejs (cli.js )
    0	   125	 15160	           "C:\Users\s\AppData\Local\Programs\Microsoft VS Code\Code.exe" --status
    0	   100	  1624	             gpu-process
    0	    84	 14904	             utility-network-service
    0	    78	 14936	             crashpad-handler
    0	     6	 12012	     conpty-agent
    0	     6	 12156	     conpty-agent
    0	     6	 13368	     conpty-agent
    0	    18	 13608	     C:\Windows\System32\WindowsPowerShell\v1.0\powershell.exe -noexit -command "try { . \"c:\Users\s\AppData\Local\Programs\Microsoft VS Code\resources\app\out\vs\workbench\contrib\terminal\common\scripts\shellIntegration.ps1\" } catch {}"
    0	    46	 10752	shared-process
    0	    22	 10840	   utility-network-service
    1	   289	 13112	extensionHost [1]
    0	   465	  5884	     electron-nodejs (bundle.js )
    0	     2	  6076	     "C:\Program Files\Git\cmd\git.exe" for-each-ref --format=%(refname)%00%(upstream:short)%00%(objectname)%00%(upstream:track)%00%(upstream:remotename)%00%(upstream:remoteref) --ignore-case refs/heads/main refs/remotes/main
    0	    10	  7112	       C:\Windows\system32\conhost.exe 0x4
    0	    23	 10176	     "C:\Users\s\AppData\Local\Programs\Microsoft VS Code\Code.exe" "c:\Users\s\AppData\Local\Programs\Microsoft VS Code\resources\app\extensions\markdown-language-features\dist\serverWorkerMain" --node-ipc --clientProcessId=13112
    0	    15	 12704	     "C:\Users\s\AppData\Local\Programs\Microsoft VS Code\Code.exe" "c:\Users\s\AppData\Local\Programs\Microsoft VS Code\resources\app\extensions\json-language-features\server\dist\node\jsonServerMain" --node-ipc --clientProcessId=13112
    0	     3	 12744	     "C:\Program Files\Git\cmd\git.exe" config --get commit.template
    0	    11	  4328	       C:\Windows\system32\conhost.exe 0x4
    1	   331	 13324	window [1] (server.py - Manhal ai - Visual Studio Code)
    0	    28	 14636	   crashpad-handler
    1	   200	 14908	   gpu-process

Workspace Stats: 
|  Window (server.py - Manhal ai - Visual Studio Code)
|    Folder (Manhal ai): more than 20660 files
|      File types: py(7419) pyc(7383) pyi(348) pyd(320) gz(244) h(144)
|                  txt(136) lib(133) a(120) mat(109)
|      Conf files:
